[0;34m===================================================[0m
[0;34m     SHOP MICROSERVICES MANUAL TEST SCRIPT         [0m
[0;34m===================================================[0m

[1;33m0. Logging in as regular user (user@example.com)...[0m
[0;32mSUCCESS: Token obtained.[0m

[1;33m1. Creating category 'Electronics'...[0m
[0;34mINFO: Category 'Electronics' already exists (likely seeded). Fetching ID...[0m
[0;32mSUCCESS: Category ID: 1[0m

[1;33m2. Creating product 'Smartphone'...[0m
[0;31mFAILED to create product. Response: {"type":"https://tools.ietf.org/html/rfc9110#section-15.5.1","title":"One or more validation errors occurred.","status":400,"errors":{"CreatedBy":["CreatedBy is required"]},"traceId":"00-2112666bb686cdeb4b5ba5b108c4f719-4f7424529300f9b0-00"}[0m
[0;32mSUCCESS: Product ID: [0m

[1;33m3. Adding to basket (automatically uses token userId)...[0m
[0;31mFAILED to add to basket. Response: [0m

[1;33m4. Creating order (userId derived from JWT)...[0m
[0;32mSUCCESS: Order created with ID: 6999298170625114eaa48f1b[0m

[1;33m5. Getting personal orders (GET /api/ordering/orders/my)...[0m
[0;32mSUCCESS: Retrieved personal orders.[0m

[1;33m6. Testing access WITHOUT TOKEN (Expected 401)...[0m
[0;32mSUCCESS: Correctly returned 401 Unauthorized.[0m

[1;33m7. Testing Admin endpoint with regular User token (Expected 403)...[0m
[0;31mFAILED: Expected 403 but got 400[0m

[1;33m8. Logging in as ADMIN and testing Admin access...[0m
[0;32mSUCCESS: Admin access granted (200 OK).[0m

[0;34m===================================================[0m
[0;34m            MANUAL TESTS COMPLETED                 [0m
[0;34m===================================================[0m
